// Jest Snapshot v1, https://goo.gl/fbAQLP

exports[` Executive Due Diligence renders correctly 1`] = `
<div
  className="container z-depth-1 my-5 py-5"
>
  <h6
    className="font-weight-bold text-center grey-text text-uppercase small mb-4"
  >
    Services
  </h6>
  <div
    className="animated bounceIn clientanimation"
    data-test="animation"
    onAnimationEnd={[Function]}
    onAnimationIteration={[Function]}
    onAnimationStart={[Function]}
    style={
      Object {
        "animationDelay": undefined,
        "animationDuration": "3s",
        "animationIterationCount": 1,
        "animationName": "bounceIn",
        "visibility": "visible",
      }
    }
  >
    <h2
      className="font-weight-bold text-center dark-grey-text pb-2"
    >
      Executive Due Dilligence Services
    </h2>
  </div>
  <hr
    className="w-header my-4"
  />
  <p
    className="lead text-center text-muted pt-2 mb-5"
  >
     We conduct due diligence, on behalf of clients, on executive level staff or candidates, as well as on key persons at prospective investee companies or partners.
  </p>
  <p
    className="lead text-center text-muted pt-2 mb-5"
  >
    Our executive due diligence investigations may be tailored to cover the following areas:
  </p>
  <section>
    <div
      className="row d-flex justify-content-center"
    >
      <div
        className="col-md-6 col-lg-5 col-xl-4"
      >
        <h5
          className="font-weight-normal border-top border-primary pt-4 mb-4"
        >
          Employment history
        </h5>
        <p
          className="text-muted mb-5 pb-md-3"
        >
          Verification and confirmation that the employement information on a job application is accurate.
        </p>
      </div>
      <div
        className="col-md-6 col-lg-5 col-xl-4"
      >
        <h5
          className="font-weight-normal border-top border-primary pt-4 mb-4"
        >
          Academic and professional license qualifications
        </h5>
        <p
          className="text-muted mb-5 pb-md-3"
        >
          Verification and confirmation that academic and professional license qualifications are legitimate.
        </p>
      </div>
      <div
        className="w-100"
      />
      <div
        className="col-md-6 col-lg-5 col-xl-4"
      >
        <h5
          className="font-weight-normal border-top border-primary pt-4 mb-4"
        >
          History of criminal and civil litigation
        </h5>
        <p
          className="text-muted mb-5 pb-md-3"
        >
          Background check on a person to see if they have any history of trial in criminal court or if they have had any civil suit brought agianst them.
        </p>
      </div>
    </div>
    <div
      className="row d-flex justify-content-center"
    >
      <div
        className="col-md-6 col-lg-5 col-xl-4"
      >
        <h5
          className="font-weight-normal border-top border-primary pt-4 mb-4"
        >
          Reputation Risks
        </h5>
        <p
          className="text-muted mb-5 pb-md-3"
        >
          Establish threats or danger to the good name or standing of a business or entity
        </p>
      </div>
      <div
        className="col-md-6 col-lg-5 col-xl-4"
      >
        <h5
          className="font-weight-normal border-top border-primary pt-4 mb-4"
        >
          Client/Supplier Relationships
        </h5>
        <p
          className="text-muted mb-5 pb-md-3"
        >
          Establish and explain the relationship between a client and the supplier
        </p>
      </div>
      <div
        className="w-100"
      />
      <div
        className="col-md-6 col-lg-5 col-xl-4"
      >
        <h5
          className="font-weight-normal border-top border-primary pt-4 mb-4"
        >
          Source of Wealth
        </h5>
        <p
          className="text-muted mb-5 pb-md-3"
        >
          Investigation on how one got their funds.
        </p>
      </div>
    </div>
    <div
      className="row d-flex justify-content-center"
    >
      <div
        className="w-100"
      />
      <div
        className="col-md-6 col-lg-5 col-xl-4"
      >
        <h5
          className="font-weight-normal border-top border-primary pt-4 mb-4"
        >
          Conflict of Interest
        </h5>
        <p
          className="text-muted mb-5 pb-md-3"
        >
          Establish whether an entity or individual is unreliable because of a clash between personal interests and professional duties or responsibilities.
        </p>
      </div>
      <div
        className="col-md-6 col-lg-5 col-xl-4"
      >
        <h5
          className="font-weight-normal border-top border-primary pt-4 mb-4"
        >
          Regulatory Violations
        </h5>
        <p
          className="text-muted mb-5 pb-md-3"
        >
          Violation of the Securities Act of 1933 or the Securities Exchange Act of 1934 by an Insured, in his or her capacity as such, related to financial statement reporting and disclosure to investors including violations of Generally Accepted Accounting Principles (“GAAP”).
        </p>
      </div>
    </div>
    <div
      className="row d-flex justify-content-center"
    >
      <div
        className="col-md-6 col-lg-5 col-xl-4"
      >
        <h5
          className="font-weight-normal border-top border-primary pt-4 mb-4"
        >
          And So Many More Executive Due Diligence Services
        </h5>
        <p
          className="text-muted mb-5 pb-md-3"
        >
          At Corporate Technical Services we have more executive due diligence services offered that include; Extensive Reference Interviews, Interpol Search, Links To Organized Crime, Verification of Credentials, Debts and Solvency, Judgements etc
        </p>
      </div>
      <div
        className="w-100"
      />
    </div>
  </section>
</div>
`;
